# HELP mediamon_transmission_active_torrent_count Number of active torrents
# TYPE mediamon_transmission_active_torrent_count gauge
mediamon_transmission_active_torrent_count{url="http://localhost"} 1.0
# HELP mediamon_transmission_download_speed Transmission download speed in bytes / sec
# TYPE mediamon_transmission_download_speed gauge
mediamon_transmission_download_speed{url="http://localhost"} 100.0
# HELP mediamon_transmission_paused_torrent_count Number of paused torrents
# TYPE mediamon_transmission_paused_torrent_count gauge
mediamon_transmission_paused_torrent_count{url="http://localhost"} 2.0
# HELP mediamon_transmission_upload_speed Transmission upload speed in bytes / sec
# TYPE mediamon_transmission_upload_speed gauge
mediamon_transmission_upload_speed{url="http://localhost"} 25.0
# HELP mediamon_transmission_version version info
# TYPE mediamon_transmission_version gauge
mediamon_transmission_version{url="http://localhost",version="foo"} 1.0
